{"v":1,"session":"host:957179cc58c99753","cmd":"add","ts":"2026-08-22T11:56:11Z","inv":{"id":"D-01","op":"rm_node"}}
{"v":1,"session":"host:957179cc58c99753","cmd":"field","ts":"2026-08-22T11:56:11Z","inv":{"id":"D-01","field":"context","op":"field_pop_last"}}
{"v":1,"session":"host:957179cc58c99753","cmd":"field","ts":"2026-08-22T11:56:12Z","inv":{"id":"D-01","field":"decision","op":"field_pop_last"}}
{"v":1,"session":"host:957179cc58c99753","cmd":"field","ts":"2026-08-22T11:56:13Z","inv":{"id":"D-01","field":"consequences","op":"field_pop_last"}}
{"v":1,"session":"host:957179cc58c99753","cmd":"set","ts":"2026-08-22T11:56:14Z","inv":{"old_status":"proposed","id":"D-01","op":"set_status_plain"}}
{"v":1,"session":"host:957179cc58c99753","cmd":"add","ts":"2026-08-22T11:56:14Z","inv":{"id":"D-02","op":"rm_node"}}
{"v":1,"session":"host:957179cc58c99753","cmd":"field","ts":"2026-08-22T11:56:15Z","inv":{"id":"D-02","field":"context","op":"field_pop_last"}}
{"v":1,"session":"host:957179cc58c99753","cmd":"field","ts":"2026-08-22T11:56:16Z","inv":{"id":"D-02","field":"decision","op":"field_pop_last"}}
{"v":1,"session":"host:957179cc58c99753","cmd":"field","ts":"2026-08-22T11:56:17Z","inv":{"id":"D-02","field":"consequences","op":"field_pop_last"}}
{"v":1,"session":"host:957179cc58c99753","cmd":"set","ts":"2026-08-22T11:56:18Z","inv":{"old_status":"proposed","id":"D-02","op":"set_status_plain"}}
{"v":1,"session":"host:957179cc58c99753","cmd":"add","ts":"2026-08-22T11:56:18Z","inv":{"id":"D-03","op":"rm_node"}}
{"v":1,"session":"host:957179cc58c99753","cmd":"field","ts":"2026-08-22T11:56:19Z","inv":{"id":"D-03","field":"context","op":"field_pop_last"}}
{"v":1,"session":"host:957179cc58c99753","cmd":"field","ts":"2026-08-22T11:56:20Z","inv":{"id":"D-03","field":"decision","op":"field_pop_last"}}
{"v":1,"session":"host:957179cc58c99753","cmd":"field","ts":"2026-08-22T11:56:21Z","inv":{"id":"D-03","field":"consequences","op":"field_pop_last"}}
{"v":1,"session":"host:957179cc58c99753","cmd":"set","ts":"2026-08-22T11:56:21Z","inv":{"old_status":"proposed","id":"D-03","op":"set_status_plain"}}
{"v":1,"session":"host:957179cc58c99753","cmd":"add","ts":"2026-08-22T11:56:22Z","inv":{"id":"D-04","op":"rm_node"}}
{"v":1,"session":"host:957179cc58c99753","cmd":"field","ts":"2026-08-22T11:56:23Z","inv":{"id":"D-04","field":"context","op":"field_pop_last"}}
{"v":1,"session":"host:957179cc58c99753","cmd":"field","ts":"2026-08-22T11:56:23Z","inv":{"id":"D-04","field":"decision","op":"field_pop_last"}}
{"v":1,"session":"host:957179cc58c99753","cmd":"field","ts":"2026-08-22T11:56:24Z","inv":{"id":"D-04","field":"consequences","op":"field_pop_last"}}
{"v":1,"session":"host:957179cc58c99753","cmd":"add","ts":"2026-08-22T11:56:25Z","inv":{"id":"D-05","op":"rm_node"}}
{"v":1,"session":"host:957179cc58c99753","cmd":"field","ts":"2026-08-22T11:56:26Z","inv":{"id":"D-05","field":"context","op":"field_pop_last"}}
{"v":1,"session":"host:957179cc58c99753","cmd":"field","ts":"2026-08-22T11:56:26Z","inv":{"id":"D-05","field":"decision","op":"field_pop_last"}}
{"v":1,"session":"host:957179cc58c99753","cmd":"add","ts":"2026-08-22T11:56:27Z","inv":{"id":"Q-01","op":"rm_node"}}
{"v":1,"session":"host:957179cc58c99753","cmd":"field","ts":"2026-08-22T11:56:28Z","inv":{"id":"Q-01","field":"exit","op":"field_pop_last"}}
{"v":1,"session":"host:957179cc58c99753","cmd":"field","ts":"2026-08-22T11:56:29Z","inv":{"id":"Q-01","field":"outcome","op":"field_pop_last"}}
{"v":1,"session":"host:957179cc58c99753","cmd":"set","ts":"2026-08-22T11:56:29Z","inv":{"old_status":"open","id":"Q-01","op":"set_status_plain"}}
{"v":1,"session":"host:957179cc58c99753","cmd":"add","ts":"2026-08-22T11:56:30Z","inv":{"id":"Q-02","op":"rm_node"}}
{"v":1,"session":"host:957179cc58c99753","cmd":"field","ts":"2026-08-22T11:56:31Z","inv":{"id":"Q-02","field":"exit","op":"field_pop_last"}}
{"v":1,"session":"host:957179cc58c99753","cmd":"field","ts":"2026-08-22T11:56:31Z","inv":{"id":"Q-02","field":"outcome","op":"field_pop_last"}}
{"v":1,"session":"host:957179cc58c99753","cmd":"set","ts":"2026-08-22T11:56:32Z","inv":{"old_status":"open","id":"Q-02","op":"set_status_plain"}}
{"v":1,"session":"host:957179cc58c99753","cmd":"add","ts":"2026-08-22T11:56:33Z","inv":{"id":"Q-03","op":"rm_node"}}
{"v":1,"session":"host:957179cc58c99753","cmd":"field","ts":"2026-08-22T11:56:34Z","inv":{"id":"Q-03","field":"exit","op":"field_pop_last"}}
{"v":1,"session":"host:957179cc58c99753","cmd":"field","ts":"2026-08-22T11:56:34Z","inv":{"id":"Q-03","field":"outcome","op":"field_pop_last"}}
{"v":1,"session":"host:957179cc58c99753","cmd":"set","ts":"2026-08-22T11:56:35Z","inv":{"old_status":"open","id":"Q-03","op":"set_status_plain"}}
{"v":1,"session":"host:957179cc58c99753","cmd":"add","ts":"2026-08-22T11:56:36Z","inv":{"id":"Q-04","op":"rm_node"}}
{"v":1,"session":"host:957179cc58c99753","cmd":"field","ts":"2026-08-22T11:56:37Z","inv":{"id":"Q-04","field":"exit","op":"field_pop_last"}}
{"v":1,"session":"host:957179cc58c99753","cmd":"add","ts":"2026-08-22T11:56:37Z","inv":{"id":"Q-05","op":"rm_node"}}
{"v":1,"session":"host:957179cc58c99753","cmd":"field","ts":"2026-08-22T11:56:38Z","inv":{"id":"Q-05","field":"exit","op":"field_pop_last"}}
{"v":1,"session":"host:957179cc58c99753","cmd":"field","ts":"2026-08-22T11:56:39Z","inv":{"id":"Q-05","field":"outcome","op":"field_pop_last"}}
{"v":1,"session":"host:957179cc58c99753","cmd":"set","ts":"2026-08-22T11:56:39Z","inv":{"old_status":"open","id":"Q-05","op":"set_status_plain"}}
{"v":1,"session":"host:957179cc58c99753","cmd":"add","ts":"2026-08-22T11:56:40Z","inv":{"id":"Q-06","op":"rm_node"}}
{"v":1,"session":"host:957179cc58c99753","cmd":"field","ts":"2026-08-22T11:56:41Z","inv":{"id":"Q-06","field":"exit","op":"field_pop_last"}}
{"v":1,"session":"host:957179cc58c99753","cmd":"field","ts":"2026-08-22T11:56:42Z","inv":{"id":"Q-06","field":"outcome","op":"field_pop_last"}}
{"v":1,"session":"host:957179cc58c99753","cmd":"set","ts":"2026-08-22T11:56:42Z","inv":{"old_status":"open","id":"Q-06","op":"set_status_plain"}}
{"v":1,"session":"host:957179cc58c99753","cmd":"add","ts":"2026-08-22T11:56:43Z","inv":{"id":"B-01","op":"rm_node"}}
{"v":1,"session":"host:957179cc58c99753","cmd":"field","ts":"2026-08-22T11:56:44Z","inv":{"id":"B-01","field":"vm","op":"field_pop_last"}}
{"v":1,"session":"host:957179cc58c99753","cmd":"add","ts":"2026-08-22T11:56:45Z","inv":{"id":"B-02","op":"rm_node"}}
{"v":1,"session":"host:957179cc58c99753","cmd":"field","ts":"2026-08-22T11:56:45Z","inv":{"id":"B-02","field":"vm","op":"field_pop_last"}}
{"v":1,"session":"host:957179cc58c99753","cmd":"add","ts":"2026-08-22T11:56:46Z","inv":{"id":"Y-01","op":"rm_node"}}
{"v":1,"session":"host:957179cc58c99753","cmd":"field","ts":"2026-08-22T11:56:47Z","inv":{"id":"Y-01","field":"invariant","op":"field_pop_last"}}
{"v":1,"session":"host:957179cc58c99753","cmd":"add","ts":"2026-08-22T11:56:48Z","inv":{"id":"Y-02","op":"rm_node"}}
{"v":1,"session":"host:957179cc58c99753","cmd":"field","ts":"2026-08-22T11:56:49Z","inv":{"id":"Y-02","field":"invariant","op":"field_pop_last"}}
{"v":1,"session":"host:957179cc58c99753","cmd":"add","ts":"2026-08-22T11:56:49Z","inv":{"id":"Y-03","op":"rm_node"}}
{"v":1,"session":"host:957179cc58c99753","cmd":"field","ts":"2026-08-22T11:56:50Z","inv":{"id":"Y-03","field":"invariant","op":"field_pop_last"}}
{"v":1,"session":"host:957179cc58c99753","cmd":"add","ts":"2026-08-22T11:56:51Z","inv":{"id":"Y-04","op":"rm_node"}}
{"v":1,"session":"host:957179cc58c99753","cmd":"field","ts":"2026-08-22T11:56:52Z","inv":{"id":"Y-04","field":"invariant","op":"field_pop_last"}}
{"v":1,"session":"host:957179cc58c99753","cmd":"add","ts":"2026-08-22T12:20:50Z","inv":{"id":"D-06","op":"rm_node"}}
{"v":1,"session":"host:957179cc58c99753","cmd":"field","ts":"2026-08-22T12:20:50Z","inv":{"id":"D-06","field":"context","op":"field_pop_last"}}
{"v":1,"session":"host:957179cc58c99753","cmd":"field","ts":"2026-08-22T12:20:51Z","inv":{"id":"D-06","field":"decision","op":"field_pop_last"}}
{"v":1,"session":"host:957179cc58c99753","cmd":"field","ts":"2026-08-22T12:20:52Z","inv":{"id":"D-06","field":"consequences","op":"field_pop_last"}}
{"v":1,"session":"host:957179cc58c99753","cmd":"set","ts":"2026-08-22T12:20:53Z","inv":{"old_status":"proposed","id":"D-06","op":"set_status_plain"}}
{"v":1,"session":"host:957179cc58c99753","cmd":"add","ts":"2026-08-22T12:20:54Z","inv":{"id":"Q-07","op":"rm_node"}}
{"v":1,"session":"host:957179cc58c99753","cmd":"field","ts":"2026-08-22T12:20:54Z","inv":{"id":"Q-07","field":"exit","op":"field_pop_last"}}
{"v":1,"session":"host:957179cc58c99753","cmd":"add","ts":"2026-08-22T12:20:55Z","inv":{"id":"Q-08","op":"rm_node"}}
{"v":1,"session":"host:957179cc58c99753","cmd":"field","ts":"2026-08-22T12:20:56Z","inv":{"id":"Q-08","field":"exit","op":"field_pop_last"}}
{"v":1,"session":"host:957179cc58c99753","cmd":"add","ts":"2026-08-22T12:20:56Z","inv":{"id":"Q-09","op":"rm_node"}}
{"v":1,"session":"host:957179cc58c99753","cmd":"field","ts":"2026-08-22T12:20:57Z","inv":{"id":"Q-09","field":"exit","op":"field_pop_last"}}
{"v":1,"session":"host:957179cc58c99753","cmd":"field","ts":"2026-08-22T12:20:58Z","inv":{"id":"Q-09","field":"outcome","op":"field_pop_last"}}
{"v":1,"session":"host:957179cc58c99753","cmd":"set","ts":"2026-08-22T12:20:59Z","inv":{"old_status":"open","id":"Q-09","op":"set_status_plain"}}
{"v":1,"session":"host:957179cc58c99753","cmd":"add","ts":"2026-08-22T12:20:59Z","inv":{"id":"Q-10","op":"rm_node"}}
{"v":1,"session":"host:957179cc58c99753","cmd":"field","ts":"2026-08-22T12:21:00Z","inv":{"id":"Q-10","field":"exit","op":"field_pop_last"}}
{"v":1,"session":"host:957179cc58c99753","cmd":"field","ts":"2026-08-22T12:21:01Z","inv":{"id":"Q-10","field":"outcome","op":"field_pop_last"}}
{"v":1,"session":"host:957179cc58c99753","cmd":"set","ts":"2026-08-22T12:21:02Z","inv":{"old_status":"open","id":"Q-10","op":"set_status_plain"}}
{"v":1,"session":"host:957179cc58c99753","cmd":"undo","ts":"2026-08-22T12:47:11Z","inv":{"steps":9,"op":"undo"}}
{"v":1,"session":"host:957179cc58c99753","cmd":"undo","ts":"2026-08-22T12:47:23Z","inv":{"steps":2,"op":"undo"}}
{"v":1,"session":"host:957179cc58c99753","cmd":"add","ts":"2026-08-22T12:47:39Z","inv":{"id":"A-01","op":"rm_node"}}
{"v":1,"session":"host:957179cc58c99753","cmd":"add","ts":"2026-08-22T12:47:40Z","inv":{"id":"A-02","op":"rm_node"}}
{"v":1,"session":"host:957179cc58c99753","cmd":"add","ts":"2026-08-22T12:47:41Z","inv":{"id":"Q-11","op":"rm_node"}}
{"v":1,"session":"host:957179cc58c99753","cmd":"field","ts":"2026-08-22T12:47:41Z","inv":{"id":"Q-11","field":"exit","op":"field_pop_last"}}
{"v":1,"session":"host:957179cc58c99753","cmd":"add","ts":"2026-08-22T12:47:42Z","inv":{"id":"Q-12","op":"rm_node"}}
{"v":1,"session":"host:957179cc58c99753","cmd":"field","ts":"2026-08-22T12:47:43Z","inv":{"id":"Q-12","field":"exit","op":"field_pop_last"}}
{"v":1,"session":"host:957179cc58c99753","cmd":"field","ts":"2026-08-22T12:47:44Z","inv":{"id":"Q-12","field":"outcome","op":"field_pop_last"}}
{"v":1,"session":"host:957179cc58c99753","cmd":"set","ts":"2026-08-22T12:47:44Z","inv":{"old_status":"open","id":"Q-12","op":"set_status_plain"}}
{"v":1,"session":"host:957179cc58c99753","cmd":"add","ts":"2026-08-22T12:50:45Z","inv":{"id":"Q-13","op":"rm_node"}}
{"v":1,"session":"host:957179cc58c99753","cmd":"field","ts":"2026-08-22T12:50:45Z","inv":{"id":"Q-13","field":"exit","op":"field_pop_last"}}
{"v":1,"session":"host:957179cc58c99753","cmd":"field","ts":"2026-08-22T12:50:46Z","inv":{"id":"Q-13","field":"outcome","op":"field_pop_last"}}
{"v":1,"session":"host:957179cc58c99753","cmd":"set","ts":"2026-08-22T12:50:47Z","inv":{"old_status":"open","id":"Q-13","op":"set_status_plain"}}
{"v":1,"session":"host:957179cc58c99753","cmd":"add","ts":"2026-08-22T12:50:48Z","inv":{"id":"Q-14","op":"rm_node"}}
{"v":1,"session":"host:957179cc58c99753","cmd":"field","ts":"2026-08-22T12:50:48Z","inv":{"id":"Q-14","field":"exit","op":"field_pop_last"}}
{"v":1,"session":"host:957179cc58c99753","cmd":"field","ts":"2026-08-22T12:50:49Z","inv":{"id":"Q-14","field":"outcome","op":"field_pop_last"}}
{"v":1,"session":"host:957179cc58c99753","cmd":"set","ts":"2026-08-22T12:50:50Z","inv":{"old_status":"open","id":"Q-14","op":"set_status_plain"}}
{"v":1,"session":"host:957179cc58c99753","cmd":"add","ts":"2026-08-22T12:50:51Z","inv":{"id":"Y-05","op":"rm_node"}}
{"v":1,"session":"host:957179cc58c99753","cmd":"field","ts":"2026-08-22T12:50:51Z","inv":{"id":"Y-05","field":"invariant","op":"field_pop_last"}}
{"v":1,"session":"host:957179cc58c99753","cmd":"add","ts":"2026-08-22T12:50:52Z","inv":{"id":"Y-06","op":"rm_node"}}
{"v":1,"session":"host:957179cc58c99753","cmd":"field","ts":"2026-08-22T12:50:53Z","inv":{"id":"Y-06","field":"invariant","op":"field_pop_last"}}
{"v":1,"session":"host:957179cc58c99753","cmd":"add","ts":"2026-08-22T12:50:54Z","inv":{"id":"Y-07","op":"rm_node"}}
{"v":1,"session":"host:957179cc58c99753","cmd":"field","ts":"2026-08-22T12:50:55Z","inv":{"id":"Y-07","field":"invariant","op":"field_pop_last"}}
{"v":1,"session":"host:957179cc58c99753","cmd":"add","ts":"2026-08-22T12:53:31Z","inv":{"id":"Q-15","op":"rm_node"}}
{"v":1,"session":"host:957179cc58c99753","cmd":"field","ts":"2026-08-22T12:53:32Z","inv":{"id":"Q-15","field":"exit","op":"field_pop_last"}}
{"v":1,"session":"host:957179cc58c99753","cmd":"field","ts":"2026-08-22T12:53:33Z","inv":{"id":"Q-15","field":"outcome","op":"field_pop_last"}}
{"v":1,"session":"host:957179cc58c99753","cmd":"set","ts":"2026-08-22T12:53:34Z","inv":{"old_status":"open","id":"Q-15","op":"set_status_plain"}}
{"v":1,"session":"host:957179cc58c99753","cmd":"add","ts":"2026-08-22T12:53:34Z","inv":{"id":"Q-16","op":"rm_node"}}
{"v":1,"session":"host:957179cc58c99753","cmd":"field","ts":"2026-08-22T12:53:35Z","inv":{"id":"Q-16","field":"exit","op":"field_pop_last"}}
{"v":1,"session":"host:957179cc58c99753","cmd":"field","ts":"2026-08-22T12:57:15Z","inv":{"id":"Q-16","field":"why","op":"field_pop_last"}}
{"v":1,"session":"host:957179cc58c99753","cmd":"add","ts":"2026-08-22T12:59:19Z","inv":{"id":"Q-17","op":"rm_node"}}
{"v":1,"session":"host:957179cc58c99753","cmd":"field","ts":"2026-08-22T12:59:20Z","inv":{"id":"Q-17","field":"exit","op":"field_pop_last"}}
{"v":1,"session":"host:957179cc58c99753","cmd":"field","ts":"2026-08-22T12:59:21Z","inv":{"id":"Q-17","field":"outcome","op":"field_pop_last"}}
{"v":1,"session":"host:957179cc58c99753","cmd":"set","ts":"2026-08-22T12:59:21Z","inv":{"old_status":"open","id":"Q-17","op":"set_status_plain"}}
{"v":1,"session":"host:957179cc58c99753","cmd":"add","ts":"2026-08-22T13:02:58Z","inv":{"id":"Q-18","op":"rm_node"}}
{"v":1,"session":"host:957179cc58c99753","cmd":"field","ts":"2026-08-22T13:02:59Z","inv":{"id":"Q-18","field":"exit","op":"field_pop_last"}}
{"v":1,"session":"host:957179cc58c99753","cmd":"field","ts":"2026-08-22T13:03:00Z","inv":{"id":"Q-18","field":"outcome","op":"field_pop_last"}}
{"v":1,"session":"host:957179cc58c99753","cmd":"set","ts":"2026-08-22T13:03:00Z","inv":{"old_status":"open","id":"Q-18","op":"set_status_plain"}}
{"v":1,"session":"host:957179cc58c99753","cmd":"add","ts":"2026-08-22T13:03:01Z","inv":{"id":"Y-08","op":"rm_node"}}
{"v":1,"session":"host:957179cc58c99753","cmd":"field","ts":"2026-08-22T13:03:02Z","inv":{"id":"Y-08","field":"invariant","op":"field_pop_last"}}
{"v":1,"session":"host:957179cc58c99753","cmd":"add","ts":"2026-08-22T13:03:03Z","inv":{"id":"Y-09","op":"rm_node"}}
{"v":1,"session":"host:957179cc58c99753","cmd":"field","ts":"2026-08-22T13:03:03Z","inv":{"id":"Y-09","field":"invariant","op":"field_pop_last"}}
{"v":1,"session":"host:957179cc58c99753","cmd":"field","ts":"2026-08-22T13:06:05Z","inv":{"id":"Q-18","field":"outcome","lines":["An answered Question preserves the unknown, outcome, and provenance. It becomes reusable project knowledge only when distilled into a Discovery or codified as a Decision."],"op":"field_restore_lines"}}
{"v":1,"session":"host:957179cc58c99753","cmd":"field","ts":"2026-08-22T13:06:05Z","inv":{"id":"Q-18","field":"outcome","op":"field_pop_last"}}
{"v":1,"session":"host:957179cc58c99753","cmd":"field","ts":"2026-08-22T13:06:06Z","inv":{"id":"Y-09","field":"invariant","lines":["An answered Question preserves reasoning history; a Discovery or Decision carries the reusable conclusion forward."],"op":"field_restore_lines"}}
{"v":1,"session":"host:957179cc58c99753","cmd":"field","ts":"2026-08-22T13:06:07Z","inv":{"id":"Y-09","field":"invariant","op":"field_pop_last"}}
{"v":1,"session":"host:957179cc58c99753","cmd":"add","ts":"2026-08-22T13:06:08Z","inv":{"id":"Q-19","op":"rm_node"}}
{"v":1,"session":"host:957179cc58c99753","cmd":"field","ts":"2026-08-22T13:06:08Z","inv":{"id":"Q-19","field":"exit","op":"field_pop_last"}}
{"v":1,"session":"host:957179cc58c99753","cmd":"field","ts":"2026-08-22T13:06:09Z","inv":{"id":"Q-19","field":"outcome","op":"field_pop_last"}}
{"v":1,"session":"host:957179cc58c99753","cmd":"set","ts":"2026-08-22T13:06:10Z","inv":{"old_status":"open","id":"Q-19","op":"set_status_plain"}}
{"v":1,"session":"host:957179cc58c99753","cmd":"add","ts":"2026-08-22T13:06:11Z","inv":{"id":"Y-10","op":"rm_node"}}
{"v":1,"session":"host:957179cc58c99753","cmd":"field","ts":"2026-08-22T13:06:12Z","inv":{"id":"Y-10","field":"invariant","op":"field_pop_last"}}
{"v":1,"session":"host:957179cc58c99753","cmd":"add","ts":"2026-08-22T13:12:31Z","inv":{"id":"Q-20","op":"rm_node"}}
{"v":1,"session":"host:957179cc58c99753","cmd":"field","ts":"2026-08-22T13:12:32Z","inv":{"id":"Q-20","field":"exit","op":"field_pop_last"}}
{"v":1,"session":"host:957179cc58c99753","cmd":"field","ts":"2026-08-22T13:12:33Z","inv":{"id":"Q-20","field":"outcome","op":"field_pop_last"}}
{"v":1,"session":"host:957179cc58c99753","cmd":"set","ts":"2026-08-22T13:12:33Z","inv":{"old_status":"open","id":"Q-20","op":"set_status_plain"}}
{"v":1,"session":"host:957179cc58c99753","cmd":"add","ts":"2026-08-22T13:12:34Z","inv":{"id":"Y-11","op":"rm_node"}}
{"v":1,"session":"host:957179cc58c99753","cmd":"field","ts":"2026-08-22T13:12:35Z","inv":{"id":"Y-11","field":"invariant","op":"field_pop_last"}}
{"v":1,"session":"host:957179cc58c99753","cmd":"field","ts":"2026-08-22T13:19:40Z","inv":{"id":"Q-04","field":"why","op":"field_pop_last"}}
{"v":1,"session":"host:957179cc58c99753","cmd":"add","ts":"2026-08-22T13:25:23Z","inv":{"id":"D-07","op":"rm_node"}}
{"v":1,"session":"host:957179cc58c99753","cmd":"field","ts":"2026-08-22T13:25:35Z","inv":{"id":"D-07","field":"context","op":"field_pop_last"}}
{"v":1,"session":"host:957179cc58c99753","cmd":"field","ts":"2026-08-22T13:25:35Z","inv":{"id":"D-07","field":"options","op":"field_pop_last"}}
{"v":1,"session":"host:957179cc58c99753","cmd":"field","ts":"2026-08-22T13:25:35Z","inv":{"id":"D-07","field":"options","op":"field_pop_last"}}
{"v":1,"session":"host:957179cc58c99753","cmd":"field","ts":"2026-08-22T13:25:35Z","inv":{"id":"D-07","field":"decision","op":"field_pop_last"}}
{"v":1,"session":"host:957179cc58c99753","cmd":"field","ts":"2026-08-22T13:25:35Z","inv":{"id":"D-07","field":"consequences","op":"field_pop_last"}}
{"v":1,"session":"host:957179cc58c99753","cmd":"field","ts":"2026-08-22T13:25:36Z","inv":{"id":"D-07","field":"validation","op":"field_pop_last"}}
{"v":1,"session":"host:957179cc58c99753","cmd":"set","ts":"2026-08-22T13:25:36Z","inv":{"old_status":"proposed","id":"D-07","op":"set_status_plain"}}
{"v":1,"session":"host:957179cc58c99753","cmd":"add","ts":"2026-08-22T13:31:07Z","inv":{"id":"Q-21","op":"rm_node"}}
{"v":1,"session":"host:957179cc58c99753","cmd":"field","ts":"2026-08-22T13:31:12Z","inv":{"id":"Q-21","field":"why","op":"field_pop_last"}}
{"v":1,"session":"host:957179cc58c99753","cmd":"field","ts":"2026-08-22T13:31:12Z","inv":{"id":"Q-21","field":"exit","op":"field_pop_last"}}
{"v":1,"session":"host:957179cc58c99753","cmd":"add","ts":"2026-08-22T13:32:15Z","inv":{"id":"G-01","op":"rm_node"}}
